
> pitchside@0.1.0 build
> next build

   ▲ Next.js 15.5.14
   - Environments: .env.production.local, .env.local, .env
   - Experiments (use with caution):
     · serverActions

   Creating an optimized production build ...
 ✓ Compiled successfully in 47s
   Skipping validation of types
   Linting ...
   Collecting page data ...
   Generating static pages (0/21) ...
   Generating static pages (5/21) 
   Generating static pages (10/21) 
   Generating static pages (15/21) 
 ✓ Generating static pages (21/21)
   Finalizing page optimization ...
   Collecting build traces ...

Route (app)                                 Size  First Load JS  Revalidate  Expire
┌ ○ /                                    16.1 kB         288 kB          1m      1y
├ ○ /_not-found                            135 B         103 kB
├ ƒ /[league]                              286 B         272 kB
├ ƒ /[league]/[club]                       285 B         272 kB
├ ƒ /[league]/[club]/[season]              283 B         272 kB
├ ○ /about                                2.3 kB         269 kB
├ ○ /alerts                              7.08 kB         270 kB
├ ƒ /api/[...path]                         135 B         103 kB
├ ○ /archive                             6.11 kB         269 kB
├ ƒ /club/[slug]                         3.92 kB         271 kB
├ ○ /collections                         7.27 kB         271 kB
├ ○ /daily-fix                             654 B         107 kB
├ ○ /debates                              111 kB         217 kB
├ ○ /glossary                            8.72 kB         272 kB
├ ○ /leaderboard                         7.28 kB         271 kB
├ ƒ /match-center/[id]                   2.83 kB         144 kB
├ ƒ /match-center/embed/[id]               372 B         112 kB
├ ○ /pitchside-manage-x7k9               1.34 kB         104 kB
├ ƒ /post/[id]                           25.5 kB         297 kB
├ ○ /pots                                52.9 kB         325 kB
├ ○ /profile                              6.7 kB         270 kB
├ ○ /saved                               1.56 kB         269 kB
├ ƒ /sign-in/[[...sign-in]]               1.3 kB         104 kB
├ ƒ /sign-up/[[...sign-up]]               1.3 kB         104 kB
├ ○ /sitemap.xml                           135 B         103 kB
├ ○ /stories                             6.02 kB         269 kB
├ ƒ /stories/[slug]                      11.8 kB         284 kB
├ ○ /tactics                              9.1 kB         115 kB
├ ƒ /tactics/embed/[id]                  3.79 kB         110 kB
├ ƒ /topic/[slug]                        3.44 kB         271 kB
├ ○ /transfer-tracker                    8.65 kB         272 kB
├ ○ /transfers                           6.24 kB         269 kB
└ ƒ /transfers/[slug]                    5.34 kB         273 kB
+ First Load JS shared by all             103 kB
  ├ chunks/1255-dfb5f8d642ae4426.js      45.8 kB
  ├ chunks/4bd1b696-100b9d70ed4e49c1.js  54.2 kB
  └ other shared chunks (total)          2.59 kB


ƒ Middleware                             87.3 kB

○  (Static)   prerendered as static content
ƒ  (Dynamic)  server-rendered on demand

